Archive member included to satisfy reference by file (symbol)

/home/user/st/stm32cubeide_1.13.1/plugins/com.st.stm32cube.ide.mcu.externaltools.gnu-tools-for-stm32.11.3.rel1.linux64_1.1.0.202305231506/tools/bin/../lib/gcc/arm-none-eabi/11.3.1/../../../../arm-none-eabi/lib/thumb/v7-m/nofp/libc_nano.a(libc_a-exit.o)
                              /home/user/st/stm32cubeide_1.13.1/plugins/com.st.stm32cube.ide.mcu.externaltools.gnu-tools-for-stm32.11.3.rel1.linux64_1.1.0.202305231506/tools/bin/../lib/gcc/arm-none-eabi/11.3.1/../../../../arm-none-eabi/lib/thumb/v7-m/nofp/crt0.o (exit)
/home/user/st/stm32cubeide_1.13.1/plugins/com.st.stm32cube.ide.mcu.externaltools.gnu-tools-for-stm32.11.3.rel1.linux64_1.1.0.202305231506/tools/bin/../lib/gcc/arm-none-eabi/11.3.1/../../../../arm-none-eabi/lib/thumb/v7-m/nofp/libc_nano.a(libc_a-itoa.o)
                              ./Core/Src/main.o (itoa)
/home/user/st/stm32cubeide_1.13.1/plugins/com.st.stm32cube.ide.mcu.externaltools.gnu-tools-for-stm32.11.3.rel1.linux64_1.1.0.202305231506/tools/bin/../lib/gcc/arm-none-eabi/11.3.1/../../../../arm-none-eabi/lib/thumb/v7-m/nofp/libc_nano.a(libc_a-utoa.o)
                              /home/user/st/stm32cubeide_1.13.1/plugins/com.st.stm32cube.ide.mcu.externaltools.gnu-tools-for-stm32.11.3.rel1.linux64_1.1.0.202305231506/tools/bin/../lib/gcc/arm-none-eabi/11.3.1/../../../../arm-none-eabi/lib/thumb/v7-m/nofp/libc_nano.a(libc_a-itoa.o) (__utoa)
/home/user/st/stm32cubeide_1.13.1/plugins/com.st.stm32cube.ide.mcu.externaltools.gnu-tools-for-stm32.11.3.rel1.linux64_1.1.0.202305231506/tools/bin/../lib/gcc/arm-none-eabi/11.3.1/../../../../arm-none-eabi/lib/thumb/v7-m/nofp/libc_nano.a(libc_a-findfp.o)
                              /home/user/st/stm32cubeide_1.13.1/plugins/com.st.stm32cube.ide.mcu.externaltools.gnu-tools-for-stm32.11.3.rel1.linux64_1.1.0.202305231506/tools/bin/../lib/gcc/arm-none-eabi/11.3.1/../../../../arm-none-eabi/lib/thumb/v7-m/nofp/libc_nano.a(libc_a-exit.o) (__stdio_exit_handler)
/home/user/st/stm32cubeide_1.13.1/plugins/com.st.stm32cube.ide.mcu.externaltools.gnu-tools-for-stm32.11.3.rel1.linux64_1.1.0.202305231506/tools/bin/../lib/gcc/arm-none-eabi/11.3.1/../../../../arm-none-eabi/lib/thumb/v7-m/nofp/libc_nano.a(libc_a-fwalk.o)
                              /home/user/st/stm32cubeide_1.13.1/plugins/com.st.stm32cube.ide.mcu.externaltools.gnu-tools-for-stm32.11.3.rel1.linux64_1.1.0.202305231506/tools/bin/../lib/gcc/arm-none-eabi/11.3.1/../../../../arm-none-eabi/lib/thumb/v7-m/nofp/libc_nano.a(libc_a-findfp.o) (_fwalk_sglue)
/home/user/st/stm32cubeide_1.13.1/plugins/com.st.stm32cube.ide.mcu.externaltools.gnu-tools-for-stm32.11.3.rel1.linux64_1.1.0.202305231506/tools/bin/../lib/gcc/arm-none-eabi/11.3.1/../../../../arm-none-eabi/lib/thumb/v7-m/nofp/libc_nano.a(libc_a-stdio.o)
                              /home/user/st/stm32cubeide_1.13.1/plugins/com.st.stm32cube.ide.mcu.externaltools.gnu-tools-for-stm32.11.3.rel1.linux64_1.1.0.202305231506/tools/bin/../lib/gcc/arm-none-eabi/11.3.1/../../../../arm-none-eabi/lib/thumb/v7-m/nofp/libc_nano.a(libc_a-findfp.o) (__sread)
/home/user/st/stm32cubeide_1.13.1/plugins/com.st.stm32cube.ide.mcu.externaltools.gnu-tools-for-stm32.11.3.rel1.linux64_1.1.0.202305231506/tools/bin/../lib/gcc/arm-none-eabi/11.3.1/../../../../arm-none-eabi/lib/thumb/v7-m/nofp/libc_nano.a(libc_a-memset.o)
                              /home/user/st/stm32cubeide_1.13.1/plugins/com.st.stm32cube.ide.mcu.externaltools.gnu-tools-for-stm32.11.3.rel1.linux64_1.1.0.202305231506/tools/bin/../lib/gcc/arm-none-eabi/11.3.1/../../../../arm-none-eabi/lib/thumb/v7-m/nofp/crt0.o (memset)
/home/user/st/stm32cubeide_1.13.1/plugins/com.st.stm32cube.ide.mcu.externaltools.gnu-tools-for-stm32.11.3.rel1.linux64_1.1.0.202305231506/tools/bin/../lib/gcc/arm-none-eabi/11.3.1/../../../../arm-none-eabi/lib/thumb/v7-m/nofp/libc_nano.a(libc_a-closer.o)
                              /home/user/st/stm32cubeide_1.13.1/plugins/com.st.stm32cube.ide.mcu.externaltools.gnu-tools-for-stm32.11.3.rel1.linux64_1.1.0.202305231506/tools/bin/../lib/gcc/arm-none-eabi/11.3.1/../../../../arm-none-eabi/lib/thumb/v7-m/nofp/libc_nano.a(libc_a-stdio.o) (_close_r)
/home/user/st/stm32cubeide_1.13.1/plugins/com.st.stm32cube.ide.mcu.externaltools.gnu-tools-for-stm32.11.3.rel1.linux64_1.1.0.202305231506/tools/bin/../lib/gcc/arm-none-eabi/11.3.1/../../../../arm-none-eabi/lib/thumb/v7-m/nofp/libc_nano.a(libc_a-reent.o)
                              /home/user/st/stm32cubeide_1.13.1/plugins/com.st.stm32cube.ide.mcu.externaltools.gnu-tools-for-stm32.11.3.rel1.linux64_1.1.0.202305231506/tools/bin/../lib/gcc/arm-none-eabi/11.3.1/../../../../arm-none-eabi/lib/thumb/v7-m/nofp/libc_nano.a(libc_a-closer.o) (errno)
/home/user/st/stm32cubeide_1.13.1/plugins/com.st.stm32cube.ide.mcu.externaltools.gnu-tools-for-stm32.11.3.rel1.linux64_1.1.0.202305231506/tools/bin/../lib/gcc/arm-none-eabi/11.3.1/../../../../arm-none-eabi/lib/thumb/v7-m/nofp/libc_nano.a(libc_a-impure.o)
[...]
Memory Configuration

Name             Origin             Length             Attributes
RAM              0x0000000020000000 0x0000000000005000 xrw
FLASH            0x0000000008000000 0x0000000000010000 xr
*default*        0x0000000000000000 0xffffffffffffffff

Linker script and memory map

LOAD /home/user/st/stm32cubeide_1.13.1/plugins/com.st.stm32cube.ide.mcu.externaltools.gnu-tools-for-stm32.11.3.rel1.linux64_1.1.0.202305231506/tools/bin/../lib/gcc/arm-none-eabi/11.3.1/thumb/v7-m/nofp/crti.o
LOAD /home/user/st/stm32cubeide_1.13.1/plugins/com.st.stm32cube.ide.mcu.externaltools.gnu-tools-for-stm32.11.3.rel1.linux64_1.1.0.202305231506/tools/bin/../lib/gcc/arm-none-eabi/11.3.1/thumb/v7-m/nofp/crtbegin.o
LOAD /home/user/st/stm32cubeide_1.13.1/plugins/com.st.stm32cube.ide.mcu.externaltools.gnu-tools-for-stm32.11.3.rel1.linux64_1.1.0.202305231506/tools/bin/../lib/gcc/arm-none-eabi/11.3.1/../../../../arm-none-eabi/lib/thumb/v7-m/nofp/crt0.o
LOAD ./Core/Src/fonts.o
LOAD ./Core/Src/main.o
LOAD ./Core/Src/ssd1306.o
LOAD ./Core/Src/stm32f1xx_hal_msp.o
LOAD ./Core/Src/stm32f1xx_it.o
LOAD ./Core/Src/syscalls.o
LOAD ./Core/Src/sysmem.o
LOAD ./Core/Src/system_stm32f1xx.o
LOAD ./Core/Startup/startup_stm32f103c8tx.o
LOAD ./Drivers/STM32F1xx_HAL_Driver/Src/stm32f1xx_hal.o
LOAD ./Drivers/STM32F1xx_HAL_Driver/Src/stm32f1xx_hal_cortex.o
LOAD ./Drivers/STM32F1xx_HAL_Driver/Src/stm32f1xx_hal_dma.o
LOAD ./Drivers/STM32F1xx_HAL_Driver/Src/stm32f1xx_hal_exti.o
LOAD ./Drivers/STM32F1xx_HAL_Driver/Src/stm32f1xx_hal_flash.o
LOAD ./Drivers/STM32F1xx_HAL_Driver/Src/stm32f1xx_hal_flash_ex.o
LOAD ./Drivers/STM32F1xx_HAL_Driver/Src/stm32f1xx_hal_gpio.o
LOAD ./Drivers/STM32F1xx_HAL_Driver/Src/stm32f1xx_hal_gpio_ex.o
LOAD ./Drivers/STM32F1xx_HAL_Driver/Src/stm32f1xx_hal_i2c.o
LOAD ./Drivers/STM32F1xx_HAL_Driver/Src/stm32f1xx_hal_pwr.o
LOAD ./Drivers/STM32F1xx_HAL_Driver/Src/stm32f1xx_hal_rcc.o
LOAD ./Drivers/STM32F1xx_HAL_Driver/Src/stm32f1xx_hal_rcc_ex.o
LOAD ./Drivers/STM32F1xx_HAL_Driver/Src/stm32f1xx_hal_tim.o
LOAD ./Drivers/STM32F1xx_HAL_Driver/Src/stm32f1xx_hal_tim_ex.o
START GROUP
LOAD /home/user/st/stm32cubeide_1.13.1/plugins/com.st.stm32cube.ide.mcu.externaltools.gnu-tools-for-stm32.11.3.rel1.linux64_1.1.0.202305231506/tools/bin/../lib/gcc/arm-none-eabi/11.3.1/../../../../arm-none-eabi/lib/thumb/v7-m/nofp/libc_nano.a
LOAD /home/user/st/stm32cubeide_1.13.1/plugins/com.st.stm32cube.ide.mcu.externaltools.gnu-tools-for-stm32.11.3.rel1.linux64_1.1.0.202305231506/tools/bin/../lib/gcc/arm-none-eabi/11.3.1/../../../../arm-none-eabi/lib/thumb/v7-m/nofp/libm.a
END GROUP
START GROUP
LOAD /home/user/st/stm32cubeide_1.13.1/plugins/com.st.stm32cube.ide.mcu.externaltools.gnu-tools-for-stm32.11.3.rel1.linux64_1.1.0.202305231506/tools/bin/../lib/gcc/arm-none-eabi/11.3.1/thumb/v7-m/nofp/libgcc.a
LOAD /home/user/st/stm32cubeide_1.13.1/plugins/com.st.stm32cube.ide.mcu.externaltools.gnu-tools-for-stm32.11.3.rel1.linux64_1.1.0.202305231506/tools/bin/../lib/gcc/arm-none-eabi/11.3.1/../../../../arm-none-eabi/lib/thumb/v7-m/nofp/libc_nano.a
END GROUP
START GROUP
LOAD /home/user/st/stm32cubeide_1.13.1/plugins/com.st.stm32cube.ide.mcu.externaltools.gnu-tools-for-stm32.11.3.rel1.linux64_1.1.0.202305231506/tools/bin/../lib/gcc/arm-none-eabi/11.3.1/thumb/v7-m/nofp/libgcc.a
LOAD /home/user/st/stm32cubeide_1.13.1/plugins/com.st.stm32cube.ide.mcu.externaltools.gnu-tools-for-stm32.11.3.rel1.linux64_1.1.0.202305231506/tools/bin/../lib/gcc/arm-none-eabi/11.3.1/../../../../arm-none-eabi/lib/thumb/v7-m/nofp/libc_nano.a
LOAD /home/user/st/stm32cubeide_1.13.1/plugins/com.st.stm32cube.ide.mcu.externaltools.gnu-tools-for-stm32.11.3.rel1.linux64_1.1.0.202305231506/tools/bin/../lib/gcc/arm-none-eabi/11.3.1/../../../../arm-none-eabi/lib/thumb/v7-m/nofp/libnosys.a
END GROUP
START GROUP
LOAD /home/user/st/stm32cubeide_1.13.1/plugins/com.st.stm32cube.ide.mcu.externaltools.gnu-tools-for-stm32.11.3.rel1.linux64_1.1.0.202305231506/tools/bin/../lib/gcc/arm-none-eabi/11.3.1/thumb/v7-m/nofp/libgcc.a
LOAD /home/user/st/stm32cubeide_1.13.1/plugins/com.st.stm32cube.ide.mcu.externaltools.gnu-tools-for-stm32.11.3.rel1.linux64_1.1.0.202305231506/tools/bin/../lib/gcc/arm-none-eabi/11.3.1/../../../../arm-none-eabi/lib/thumb/v7-m/nofp/libc_nano.a
LOAD /home/user/st/stm32cubeide_1.13.1/plugins/com.st.stm32cube.ide.mcu.externaltools.gnu-tools-for-stm32.11.3.rel1.linux64_1.1.0.202305231506/tools/bin/../lib/gcc/arm-none-eabi/11.3.1/../../../../arm-none-eabi/lib/thumb/v7-m/nofp/libnosys.a
END GROUP
LOAD /home/user/st/stm32cubeide_1.13.1/plugins/com.st.stm32cube.ide.mcu.externaltools.gnu-tools-for-stm32.11.3.rel1.linux64_1.1.0.202305231506/tools/bin/../lib/gcc/arm-none-eabi/11.3.1/thumb/v7-m/nofp/crtend.o
LOAD /home/user/st/stm32cubeide_1.13.1/plugins/com.st.stm32cube.ide.mcu.externaltools.gnu-tools-for-stm32.11.3.rel1.linux64_1.1.0.202305231506/tools/bin/../lib/gcc/arm-none-eabi/11.3.1/thumb/v7-m/nofp/crtn.o
                0x0000000020005000                _estack = (ORIGIN (RAM) + LENGTH (RAM))
                0x0000000000000200                _Min_Heap_Size = 0x200
                0x0000000000000400                _Min_Stack_Size = 0x400

.isr_vector     0x0000000008000000      0x10c
                0x0000000008000000                . = ALIGN (0x4)
 *(.isr_vector)
 .isr_vector    0x0000000008000000      0x10c ./Core/Startup/startup_stm32f103c8tx.o
                0x0000000008000000                g_pfnVectors
                0x000000000800010c                . = ALIGN (0x4)

.text           0x000000000800010c     0x25c4
                0x000000000800010c                . = ALIGN (0x4)
 *(.text)
 .text          0x000000000800010c       0x40 /home/user/st/stm32cubeide_1.13.1/plugins/com.st.stm32cube.ide.mcu.externaltools.gnu-tools-for-stm32.11.3.rel1.linux64_1.1.0.202305231506/tools/bin/../lib/gcc/arm-none-eabi/11.3.1/thumb/v7-m/nofp/crtbegin.o
 *(.text*)
 .text.main     0x000000000800014c      0x128 ./Core/Src/main.o
                0x000000000800014c                main
 .text.SystemClock_Config
                0x0000000008000274       0x8a ./Core/Src/main.o
                0x0000000008000274                SystemClock_Config
 *fill*         0x00000000080002fe        0x2 
 .text.MX_I2C1_Init
                0x0000000008000300       0x5c ./Core/Src/main.o
 .text.MX_GPIO_Init
                0x000000000800035c       0xb0 ./Core/Src/main.o
 .text.Error_Handler
                0x000000000800040c        0xa ./Core/Src/main.o
                0x000000000800040c                Error_Handler
 .text.SSD1306_ScrollRight
                0x0000000008000416       0x6c ./Core/Src/ssd1306.o
                0x0000000008000416                SSD1306_ScrollRight
 .text.SSD1306_ScrollLeft
                0x0000000008000482       0x6c ./Core/Src/ssd1306.o
                0x0000000008000482                SSD1306_ScrollLeft
 .text.SSD1306_Stopscroll
                0x00000000080004ee       0x12 ./Core/Src/ssd1306.o
                0x00000000080004ee                SSD1306_Stopscroll
 .text.SSD1306_Init
                0x0000000008000500      0x188 ./Core/Src/ssd1306.o
                0x0000000008000500                SSD1306_Init
 .text.SSD1306_UpdateScreen
                0x0000000008000688       0x5c ./Core/Src/ssd1306.o
                0x0000000008000688                SSD1306_UpdateScreen
 .text.SSD1306_Fill
                0x00000000080006e4       0x30 ./Core/Src/ssd1306.o
                0x00000000080006e4                SSD1306_Fill
 .text.SSD1306_DrawPixel
                0x0000000008000714       0xbc ./Core/Src/ssd1306.o
                0x0000000008000714                SSD1306_DrawPixel
 .text.SSD1306_GotoXY
                0x00000000080007d0       0x2c ./Core/Src/ssd1306.o
                0x00000000080007d0                SSD1306_GotoXY
 .text.SSD1306_Putc
                0x00000000080007fc      0x100 ./Core/Src/ssd1306.o
                0x00000000080007fc                SSD1306_Putc
 .text.SSD1306_Puts
                0x00000000080008fc       0x4a ./Core/Src/ssd1306.o
                0x00000000080008fc                SSD1306_Puts
 .text.SSD1306_Clear
                0x0000000008000946       0x12 ./Core/Src/ssd1306.o
                0x0000000008000946                SSD1306_Clear
 .text.ssd1306_I2C_Init
                0x0000000008000958       0x28 ./Core/Src/ssd1306.o
                0x0000000008000958                ssd1306_I2C_Init
 .text.ssd1306_I2C_WriteMulti
                0x0000000008000980       0xcc ./Core/Src/ssd1306.o
                0x0000000008000980                ssd1306_I2C_WriteMulti
 .text.ssd1306_I2C_Write
                0x0000000008000a4c       0x3c ./Core/Src/ssd1306.o
                0x0000000008000a4c                ssd1306_I2C_Write
 .text.HAL_MspInit
                0x0000000008000a88       0x64 ./Core/Src/stm32f1xx_hal_msp.o
                0x0000000008000a88                HAL_MspInit
 .text.HAL_I2C_MspInit
                0x0000000008000aec       0x7c ./Core/Src/stm32f1xx_hal_msp.o
                0x0000000008000aec                HAL_I2C_MspInit
 .text.NMI_Handler
                0x0000000008000b68        0x6 ./Core/Src/stm32f1xx_it.o
                0x0000000008000b68                NMI_Handler
 .text.HardFault_Handler
                0x0000000008000b6e        0x6 ./Core/Src/stm32f1xx_it.o
                0x0000000008000b6e                HardFault_Handler
 .text.MemManage_Handler
                0x0000000008000b74        0x6 ./Core/Src/stm32f1xx_it.o
                0x0000000008000b74                MemManage_Handler
 .text.BusFault_Handler
                0x0000000008000b7a        0x6 ./Core/Src/stm32f1xx_it.o
                0x0000000008000b7a                BusFault_Handler
 .text.UsageFault_Handler
                0x0000000008000b80        0x6 ./Core/Src/stm32f1xx_it.o
                0x0000000008000b80                UsageFault_Handler
 .text.SVC_Handler
                0x0000000008000b86        0xc ./Core/Src/stm32f1xx_it.o
                0x0000000008000b86                SVC_Handler
 .text.DebugMon_Handler
                0x0000000008000b92        0xc ./Core/Src/stm32f1xx_it.o
                0x0000000008000b92                DebugMon_Handler
 .text.PendSV_Handler
                0x0000000008000b9e        0xc ./Core/Src/stm32f1xx_it.o
                0x0000000008000b9e                PendSV_Handler
 .text.SysTick_Handler
                0x0000000008000baa        0xc ./Core/Src/stm32f1xx_it.o
                0x0000000008000baa                SysTick_Handler
 .text.SystemInit
                0x0000000008000bb6        0xc ./Core/Src/system_stm32f1xx.o
                0x0000000008000bb6                SystemInit
 *fill*         0x0000000008000bc2        0x2 
 .text.Reset_Handler
                0x0000000008000bc4       0x48 ./Core/Startup/startup_stm32f103c8tx.o
                0x0000000008000bc4                Reset_Handler
 .text.Default_Handler
                0x0000000008000c0c        0x2 ./Core/Startup/startup_stm32f103c8tx.o
                0x0000000008000c0c                RTC_Alarm_IRQHandler
                0x0000000008000c0c                EXTI2_IRQHandler
                0x0000000008000c0c                TIM1_CC_IRQHandler
                0x0000000008000c0c                PVD_IRQHandler
                0x0000000008000c0c                EXTI3_IRQHandler
                0x0000000008000c0c                EXTI0_IRQHandler
                0x0000000008000c0c                I2C2_EV_IRQHandler
                0x0000000008000c0c                ADC1_2_IRQHandler
                0x0000000008000c0c                SPI1_IRQHandler
                0x0000000008000c0c                TAMPER_IRQHandler
                0x0000000008000c0c                DMA1_Channel4_IRQHandler
                0x0000000008000c0c                USART3_IRQHandler
                0x0000000008000c0c                RTC_IRQHandler
                0x0000000008000c0c                DMA1_Channel7_IRQHandler
                0x0000000008000c0c                CAN1_RX1_IRQHandler
                0x0000000008000c0c                TIM4_IRQHandler
                0x0000000008000c0c                I2C1_EV_IRQHandler
                0x0000000008000c0c                DMA1_Channel6_IRQHandler
                0x0000000008000c0c                TIM3_IRQHandler
                0x0000000008000c0c                RCC_IRQHandler
                0x0000000008000c0c                TIM1_TRG_COM_IRQHandler
                0x0000000008000c0c                DMA1_Channel1_IRQHandler
                0x0000000008000c0c                Default_Handler
                0x0000000008000c0c                EXTI15_10_IRQHandler
                0x0000000008000c0c                EXTI9_5_IRQHandler
                0x0000000008000c0c                SPI2_IRQHandler
                0x0000000008000c0c                DMA1_Channel5_IRQHandler
                0x0000000008000c0c                EXTI4_IRQHandler
                0x0000000008000c0c                USB_LP_CAN1_RX0_IRQHandler
                0x0000000008000c0c                USB_HP_CAN1_TX_IRQHandler
                0x0000000008000c0c                DMA1_Channel3_IRQHandler
                0x0000000008000c0c                TIM1_UP_IRQHandler
                0x0000000008000c0c                WWDG_IRQHandler
                0x0000000008000c0c                TIM2_IRQHandler
                0x0000000008000c0c                TIM1_BRK_IRQHandler
                0x0000000008000c0c                EXTI1_IRQHandler
                0x0000000008000c0c                USART2_IRQHandler
                0x0000000008000c0c                I2C2_ER_IRQHandler
                0x0000000008000c0c                DMA1_Channel2_IRQHandler
                0x0000000008000c0c                CAN1_SCE_IRQHandler
                0x0000000008000c0c                FLASH_IRQHandler
                0x0000000008000c0c                USART1_IRQHandler
                0x0000000008000c0c                I2C1_ER_IRQHandler
                0x0000000008000c0c                USBWakeUp_IRQHandler
 *fill*         0x0000000008000c0e        0x2 
 .text.HAL_Init
                0x0000000008000c10       0x2c ./Drivers/STM32F1xx_HAL_Driver/Src/stm32f1xx_hal.o
                0x0000000008000c10                HAL_Init
 .text.HAL_InitTick
                0x0000000008000c3c       0x60 ./Drivers/STM32F1xx_HAL_Driver/Src/stm32f1xx_hal.o
                0x0000000008000c3c                HAL_InitTick
 .text.HAL_IncTick
                0x0000000008000c9c       0x24 ./Drivers/STM32F1xx_HAL_Driver/Src/stm32f1xx_hal.o
                0x0000000008000c9c                HAL_IncTick
 .text.HAL_GetTick
                0x0000000008000cc0       0x14 ./Drivers/STM32F1xx_HAL_Driver/Src/stm32f1xx_hal.o
                0x0000000008000cc0                HAL_GetTick
 .text.HAL_Delay
                0x0000000008000cd4       0x48 ./Drivers/STM32F1xx_HAL_Driver/Src/stm32f1xx_hal.o
                0x0000000008000cd4                HAL_Delay
 .text.__NVIC_SetPriorityGrouping
                0x0000000008000d1c       0x48 ./Drivers/STM32F1xx_HAL_Driver/Src/stm32f1xx_hal_cortex.o
 .text.__NVIC_GetPriorityGrouping
                0x0000000008000d64       0x1c ./Drivers/STM32F1xx_HAL_Driver/Src/stm32f1xx_hal_cortex.o
 .text.__NVIC_SetPriority
                0x0000000008000d80       0x54 ./Drivers/STM32F1xx_HAL_Driver/Src/stm32f1xx_hal_cortex.o
 .text.NVIC_EncodePriority
                0x0000000008000dd4       0x64 ./Drivers/STM32F1xx_HAL_Driver/Src/stm32f1xx_hal_cortex.o
 .text.SysTick_Config
                0x0000000008000e38       0x44 ./Drivers/STM32F1xx_HAL_Driver/Src/stm32f1xx_hal_cortex.o
 .text.HAL_NVIC_SetPriorityGrouping
                0x0000000008000e7c       0x16 ./Drivers/STM32F1xx_HAL_Driver/Src/stm32f1xx_hal_cortex.o
                0x0000000008000e7c                HAL_NVIC_SetPriorityGrouping
 .text.HAL_NVIC_SetPriority
                0x0000000008000e92       0x38 ./Drivers/STM32F1xx_HAL_Driver/Src/stm32f1xx_hal_cortex.o
                0x0000000008000e92                HAL_NVIC_SetPriority
 .text.HAL_SYSTICK_Config
                0x0000000008000eca       0x18 ./Drivers/STM32F1xx_HAL_Driver/Src/stm32f1xx_hal_cortex.o
                0x0000000008000eca                HAL_SYSTICK_Config
 *fill*         0x0000000008000ee2        0x2 
 .text.HAL_GPIO_Init
                0x0000000008000ee4      0x308 ./Drivers/STM32F1xx_HAL_Driver/Src/stm32f1xx_hal_gpio.o
                0x0000000008000ee4                HAL_GPIO_Init
 .text.HAL_GPIO_WritePin
                0x00000000080011ec       0x30 ./Drivers/STM32F1xx_HAL_Driver/Src/stm32f1xx_hal_gpio.o
                0x00000000080011ec                HAL_GPIO_WritePin
 .text.HAL_I2C_Init
                0x000000000800121c      0x288 ./Drivers/STM32F1xx_HAL_Driver/Src/stm32f1xx_hal_i2c.o
                0x000000000800121c                HAL_I2C_Init
 .text.HAL_I2C_Master_Transmit
                0x00000000080014a4      0x1fc ./Drivers/STM32F1xx_HAL_Driver/Src/stm32f1xx_hal_i2c.o
                0x00000000080014a4                HAL_I2C_Master_Transmit
 .text.HAL_I2C_IsDeviceReady
                0x00000000080016a0      0x25c ./Drivers/STM32F1xx_HAL_Driver/Src/stm32f1xx_hal_i2c.o
                0x00000000080016a0                HAL_I2C_IsDeviceReady
 .text.I2C_MasterRequestWrite
                0x00000000080018fc      0x104 ./Drivers/STM32F1xx_HAL_Driver/Src/stm32f1xx_hal_i2c.o
 .text.I2C_WaitOnFlagUntilTimeout
                0x0000000008001a00       0xf4 ./Drivers/STM32F1xx_HAL_Driver/Src/stm32f1xx_hal_i2c.o
 .text.I2C_WaitOnMasterAddressFlagUntilTimeout
                0x0000000008001af4      0x140 ./Drivers/STM32F1xx_HAL_Driver/Src/stm32f1xx_hal_i2c.o
 .text.I2C_WaitOnTXEFlagUntilTimeout
                0x0000000008001c34       0x90 ./Drivers/STM32F1xx_HAL_Driver/Src/stm32f1xx_hal_i2c.o
 .text.I2C_WaitOnBTFFlagUntilTimeout
                0x0000000008001cc4       0x90 ./Drivers/STM32F1xx_HAL_Driver/Src/stm32f1xx_hal_i2c.o
 .text.I2C_IsAcknowledgeFailed
                0x0000000008001d54       0x5c ./Drivers/STM32F1xx_HAL_Driver/Src/stm32f1xx_hal_i2c.o
 .text.HAL_RCC_OscConfig
                0x0000000008001db0      0x504 ./Drivers/STM32F1xx_HAL_Driver/Src/stm32f1xx_hal_rcc.o
                0x0000000008001db0                HAL_RCC_OscConfig
 .text.HAL_RCC_ClockConfig
                0x00000000080022b4      0x1d4 ./Drivers/STM32F1xx_HAL_Driver/Src/stm32f1xx_hal_rcc.o
                0x00000000080022b4                HAL_RCC_ClockConfig
 .text.HAL_RCC_GetSysClockFreq
                0x0000000008002488       0xa8 ./Drivers/STM32F1xx_HAL_Driver/Src/stm32f1xx_hal_rcc.o
                0x0000000008002488                HAL_RCC_GetSysClockFreq
 .text.HAL_RCC_GetHCLKFreq
                0x0000000008002530       0x14 ./Drivers/STM32F1xx_HAL_Driver/Src/stm32f1xx_hal_rcc.o
                0x0000000008002530                HAL_RCC_GetHCLKFreq
 .text.HAL_RCC_GetPCLK1Freq
                0x0000000008002544       0x28 ./Drivers/STM32F1xx_HAL_Driver/Src/stm32f1xx_hal_rcc.o
                0x0000000008002544                HAL_RCC_GetPCLK1Freq
 .text.RCC_Delay
                0x000000000800256c       0x3c ./Drivers/STM32F1xx_HAL_Driver/Src/stm32f1xx_hal_rcc.o
 .text.__itoa   0x00000000080025a8       0x30 /home/user/st/stm32cubeide_1.13.1/plugins/com.st.stm32cube.ide.mcu.externaltools.gnu-tools-for-stm32.11.3.rel1.linux64_1.1.0.202305231506/tools/bin/../lib/gcc/arm-none-eabi/11.3.1/../../../../arm-none-eabi/lib/thumb/v7-m/nofp/libc_nano.a(libc_a-itoa.o)
                0x00000000080025a8                __itoa
 .text.itoa     0x00000000080025d8        0x4 /home/user/st/stm32cubeide_1.13.1/plugins/com.st.stm32cube.ide.mcu.externaltools.gnu-tools-for-stm32.11.3.rel1.linux64_1.1.0.202305231506/tools/bin/../lib/gcc/arm-none-eabi/11.3.1/../../../../arm-none-eabi/lib/thumb/v7-m/nofp/libc_nano.a(libc_a-itoa.o)
                0x00000000080025d8                itoa
 .text.__utoa   0x00000000080025dc       0x84 /home/user/st/stm32cubeide_1.13.1/plugins/com.st.stm32cube.ide.mcu.externaltools.gnu-tools-for-stm32.11.3.rel1.linux64_1.1.0.202305231506/tools/bin/../lib/gcc/arm-none-eabi/11.3.1/../../../../arm-none-eabi/lib/thumb/v7-m/nofp/libc_nano.a(libc_a-utoa.o)
                0x00000000080025dc                __utoa
 .text.memset   0x0000000008002660       0x10 /home/user/st/stm32cubeide_1.13.1/plugins/com.st.stm32cube.ide.mcu.externaltools.gnu-tools-for-stm32.11.3.rel1.linux64_1.1.0.202305231506/tools/bin/../lib/gcc/arm-none-eabi/11.3.1/../../../../arm-none-eabi/lib/thumb/v7-m/nofp/libc_nano.a(libc_a-memset.o)
                0x0000000008002660                memset
 .text.__libc_init_array
                0x0000000008002670       0x48 /home/user/st/stm32cubeide_1.13.1/plugins/com.st.stm32cube.ide.mcu.externaltools.gnu-tools-for-stm32.11.3.rel1.linux64_1.1.0.202305231506/tools/bin/../lib/gcc/arm-none-eabi/11.3.1/../../../../arm-none-eabi/lib/thumb/v7-m/nofp/libc_nano.a(libc_a-init.o)
                0x0000000008002670                __libc_init_array
 *(.glue_7)
 .glue_7        0x00000000080026b8        0x0 linker stubs
 *(.glue_7t)
 .glue_7t       0x00000000080026b8        0x0 linker stubs
 *(.eh_frame)
 .eh_frame      0x00000000080026b8        0x0 /home/user/st/stm32cubeide_1.13.1/plugins/com.st.stm32cube.ide.mcu.externaltools.gnu-tools-for-stm32.11.3.rel1.linux64_1.1.0.202305231506/tools/bin/../lib/gcc/arm-none-eabi/11.3.1/thumb/v7-m/nofp/crtbegin.o
 *(.init)
 .init          0x00000000080026b8        0x4 /home/user/st/stm32cubeide_1.13.1/plugins/com.st.stm32cube.ide.mcu.externaltools.gnu-tools-for-stm32.11.3.rel1.linux64_1.1.0.202305231506/tools/bin/../lib/gcc/arm-none-eabi/11.3.1/thumb/v7-m/nofp/crti.o
                0x00000000080026b8                _init
 .init          0x00000000080026bc        0x8 /home/user/st/stm32cubeide_1.13.1/plugins/com.st.stm32cube.ide.mcu.externaltools.gnu-tools-for-stm32.11.3.rel1.linux64_1.1.0.202305231506/tools/bin/../lib/gcc/arm-none-eabi/11.3.1/thumb/v7-m/nofp/crtn.o
 *(.fini)
 .fini          0x00000000080026c4        0x4 /home/user/st/stm32cubeide_1.13.1/plugins/com.st.stm32cube.ide.mcu.externaltools.gnu-tools-for-stm32.11.3.rel1.linux64_1.1.0.202305231506/tools/bin/../lib/gcc/arm-none-eabi/11.3.1/thumb/v7-m/nofp/crti.o
                0x00000000080026c4                _fini
 .fini          0x00000000080026c8        0x8 /home/user/st/stm32cubeide_1.13.1/plugins/com.st.stm32cube.ide.mcu.externaltools.gnu-tools-for-stm32.11.3.rel1.linux64_1.1.0.202305231506/tools/bin/../lib/gcc/arm-none-eabi/11.3.1/thumb/v7-m/nofp/crtn.o
                0x00000000080026d0                . = ALIGN (0x4)
                0x00000000080026d0                _etext = .

.vfp11_veneer   0x00000000080026d0        0x0
 .vfp11_veneer  0x00000000080026d0        0x0 linker stubs

.v4_bx          0x00000000080026d0        0x0
 .v4_bx         0x00000000080026d0        0x0 linker stubs

.iplt           0x00000000080026d0        0x0
 .iplt          0x00000000080026d0        0x0 /home/user/st/stm32cubeide_1.13.1/plugins/com.st.stm32cube.ide.mcu.externaltools.gnu-tools-for-stm32.11.3.rel1.linux64_1.1.0.202305231506/tools/bin/../lib/gcc/arm-none-eabi/11.3.1/thumb/v7-m/nofp/crtbegin.o

.rodata         0x00000000080026d0     0x2120
                0x00000000080026d0                . = ALIGN (0x4)
 *(.rodata)
 .rodata        0x00000000080026d0       0x26 ./Core/Src/main.o
 *(.rodata*)
 *fill*         0x00000000080026f6        0x2 
 .rodata.Font11x18
                0x00000000080026f8      0xd5c ./Core/Src/fonts.o
                0x00000000080026f8                Font11x18
 .rodata.Font16x26
                0x0000000008003454     0x134c ./Core/Src/fonts.o
                0x0000000008003454                Font16x26
 .rodata.AHBPrescTable
                0x00000000080047a0       0x10 ./Core/Src/system_stm32f1xx.o
                0x00000000080047a0                AHBPrescTable
 .rodata.APBPrescTable
                0x00000000080047b0        0x8 ./Core/Src/system_stm32f1xx.o
                0x00000000080047b0                APBPrescTable
 .rodata.aPLLMULFactorTable.1
                0x00000000080047b8       0x10 ./Drivers/STM32F1xx_HAL_Driver/Src/stm32f1xx_hal_rcc.o
 .rodata.aPredivFactorTable.0
                0x00000000080047c8        0x2 ./Drivers/STM32F1xx_HAL_Driver/Src/stm32f1xx_hal_rcc.o
 .rodata.__utoa.str1.1
                0x00000000080047ca       0x25 /home/user/st/stm32cubeide_1.13.1/plugins/com.st.stm32cube.ide.mcu.externaltools.gnu-tools-for-stm32.11.3.rel1.linux64_1.1.0.202305231506/tools/bin/../lib/gcc/arm-none-eabi/11.3.1/../../../../arm-none-eabi/lib/thumb/v7-m/nofp/libc_nano.a(libc_a-utoa.o)
                0x00000000080047f0                . = ALIGN (0x4)
 *fill*         0x00000000080047ef        0x1 

.rel.dyn        0x00000000080047f0        0x0
 .rel.iplt      0x00000000080047f0        0x0 /home/user/st/stm32cubeide_1.13.1/plugins/com.st.stm32cube.ide.mcu.externaltools.gnu-tools-for-stm32.11.3.rel1.linux64_1.1.0.202305231506/tools/bin/../lib/gcc/arm-none-eabi/11.3.1/thumb/v7-m/nofp/crtbegin.o

.ARM.extab      0x00000000080047f0        0x0
                0x00000000080047f0                . = ALIGN (0x4)
 *(.ARM.extab* .gnu.linkonce.armextab.*)
                0x00000000080047f0                . = ALIGN (0x4)

.ARM            0x00000000080047f0        0x0
                0x00000000080047f0                . = ALIGN (0x4)
                0x00000000080047f0                __exidx_start = .
 *(.ARM.exidx*)
                0x00000000080047f0                __exidx_end = .
                0x00000000080047f0                . = ALIGN (0x4)

.preinit_array  0x00000000080047f0        0x0
                0x00000000080047f0                . = ALIGN (0x4)
                0x00000000080047f0                PROVIDE (__preinit_array_start = .)
 *(.preinit_array*)
                0x00000000080047f0                PROVIDE (__preinit_array_end = .)
                0x00000000080047f0                . = ALIGN (0x4)

.init_array     0x00000000080047f0        0x4
                0x00000000080047f0                . = ALIGN (0x4)
                0x00000000080047f0                PROVIDE (__init_array_start = .)
 *(SORT_BY_NAME(.init_array.*))
 *(.init_array*)
 .init_array    0x00000000080047f0        0x4 /home/user/st/stm32cubeide_1.13.1/plugins/com.st.stm32cube.ide.mcu.externaltools.gnu-tools-for-stm32.11.3.rel1.linux64_1.1.0.202305231506/tools/bin/../lib/gcc/arm-none-eabi/11.3.1/thumb/v7-m/nofp/crtbegin.o
                0x00000000080047f4                PROVIDE (__init_array_end = .)
                0x00000000080047f4                . = ALIGN (0x4)

.fini_array     0x00000000080047f4        0x4
                0x00000000080047f4                . = ALIGN (0x4)
                [!provide]                        PROVIDE (__fini_array_start = .)
 *(SORT_BY_NAME(.fini_array.*))
 *(.fini_array*)
 .fini_array    0x00000000080047f4        0x4 /home/user/st/stm32cubeide_1.13.1/plugins/com.st.stm32cube.ide.mcu.externaltools.gnu-tools-for-stm32.11.3.rel1.linux64_1.1.0.202305231506/tools/bin/../lib/gcc/arm-none-eabi/11.3.1/thumb/v7-m/nofp/crtbegin.o
                [!provide]                        PROVIDE (__fini_array_end = .)
                0x00000000080047f8                . = ALIGN (0x4)
                0x00000000080047f8                _sidata = LOADADDR (.data)

.data           0x0000000020000000       0x1c load address 0x00000000080047f8
                0x0000000020000000                . = ALIGN (0x4)
                0x0000000020000000                _sdata = .
 *(.data)
 *(.data*)
 .data.Font_11x18
                0x0000000020000000        0x8 ./Core/Src/fonts.o
                0x0000000020000000                Font_11x18
 .data.Font_16x26
                0x0000000020000008        0x8 ./Core/Src/fonts.o
                0x0000000020000008                Font_16x26
 .data.SystemCoreClock
                0x0000000020000010        0x4 ./Core/Src/system_stm32f1xx.o
                0x0000000020000010                SystemCoreClock
 .data.uwTickPrio
                0x0000000020000014        0x4 ./Drivers/STM32F1xx_HAL_Driver/Src/stm32f1xx_hal.o
                0x0000000020000014                uwTickPrio
 .data.uwTickFreq
                0x0000000020000018        0x1 ./Drivers/STM32F1xx_HAL_Driver/Src/stm32f1xx_hal.o
                0x0000000020000018                uwTickFreq
 *(.RamFunc)
 *(.RamFunc*)
                0x000000002000001c                . = ALIGN (0x4)
 *fill*         0x0000000020000019        0x3 
                0x000000002000001c                _edata = .

.igot.plt       0x000000002000001c        0x0 load address 0x0000000008004814
 .igot.plt      0x000000002000001c        0x0 /home/user/st/stm32cubeide_1.13.1/plugins/com.st.stm32cube.ide.mcu.externaltools.gnu-tools-for-stm32.11.3.rel1.linux64_1.1.0.202305231506/tools/bin/../lib/gcc/arm-none-eabi/11.3.1/thumb/v7-m/nofp/crtbegin.o
                0x000000002000001c                . = ALIGN (0x4)

.bss            0x000000002000001c      0x47c load address 0x0000000008004814
                0x000000002000001c                _sbss = .
                0x000000002000001c                __bss_start__ = _sbss
 *(.bss)
 .bss           0x000000002000001c       0x1c /home/user/st/stm32cubeide_1.13.1/plugins/com.st.stm32cube.ide.mcu.externaltools.gnu-tools-for-stm32.11.3.rel1.linux64_1.1.0.202305231506/tools/bin/../lib/gcc/arm-none-eabi/11.3.1/thumb/v7-m/nofp/crtbegin.o
 *(.bss*)
 .bss.hi2c1     0x0000000020000038       0x54 ./Core/Src/main.o
                0x0000000020000038                hi2c1
 .bss.SSD1306_Buffer
                0x000000002000008c      0x400 ./Core/Src/ssd1306.o
 .bss.SSD1306   0x000000002000048c        0x6 ./Core/Src/ssd1306.o
 *fill*         0x0000000020000492        0x2 
 .bss.uwTick    0x0000000020000494        0x4 ./Drivers/STM32F1xx_HAL_Driver/Src/stm32f1xx_hal.o
                0x0000000020000494                uwTick
 *(COMMON)
                0x0000000020000498                . = ALIGN (0x4)
                0x0000000020000498                _ebss = .
                0x0000000020000498                __bss_end__ = _ebss

._user_heap_stack
                0x0000000020000498      0x600 load address 0x0000000008004814
                0x0000000020000498                . = ALIGN (0x8)
                [!provide]                        PROVIDE (end = .)
                0x0000000020000498                PROVIDE (_end = .)
                0x0000000020000698                . = (. + _Min_Heap_Size)
 *fill*         0x0000000020000498      0x200 
                0x0000000020000a98                . = (. + _Min_Stack_Size)
 *fill*         0x0000000020000698      0x400 
                0x0000000020000a98                . = ALIGN (0x8)

/DISCARD/
 libc.a(*)
 libm.a(*)
 libgcc.a(*)

.ARM.attributes
                0x0000000000000000       0x29
 *(.ARM.attributes)
 .ARM.attributes
                0x0000000000000000       0x1d /home/user/st/stm32cubeide_1.13.1/plugins/com.st.stm32cube.ide.mcu.externaltools.gnu-tools-for-stm32.11.3.rel1.linux64_1.1.0.202305231506/tools/bin/../lib/gcc/arm-none-eabi/11.3.1/thumb/v7-m/nofp/crti.o
 .ARM.attributes
                0x000000000000001d       0x2d /home/user/st/stm32cubeide_1.13.1/plugins/com.st.stm32cube.ide.mcu.externaltools.gnu-tools-for-stm32.11.3.rel1.linux64_1.1.0.202305231506/tools/bin/../lib/gcc/arm-none-eabi/11.3.1/thumb/v7-m/nofp/crtbegin.o
 .ARM.attributes
                0x000000000000004a       0x2d ./Core/Src/fonts.o
 .ARM.attributes
                0x0000000000000077       0x2d ./Core/Src/main.o
 .ARM.attributes
                0x00000000000000a4       0x2d ./Core/Src/ssd1306.o
 .ARM.attributes
                0x00000000000000d1       0x2d ./Core/Src/stm32f1xx_hal_msp.o
 .ARM.attributes
                0x00000000000000fe       0x2d ./Core/Src/stm32f1xx_it.o
 .ARM.attributes
                0x000000000000012b       0x2d ./Core/Src/system_stm32f1xx.o
 .ARM.attributes
                0x0000000000000158       0x21 ./Core/Startup/startup_stm32f103c8tx.o
 .ARM.attributes
                0x0000000000000179       0x2d ./Drivers/STM32F1xx_HAL_Driver/Src/stm32f1xx_hal.o
 .ARM.attributes
                0x00000000000001a6       0x2d ./Drivers/STM32F1xx_HAL_Driver/Src/stm32f1xx_hal_cortex.o
 .ARM.attributes
                0x00000000000001d3       0x2d ./Drivers/STM32F1xx_HAL_Driver/Src/stm32f1xx_hal_gpio.o
 .ARM.attributes
                0x0000000000000200       0x2d ./Drivers/STM32F1xx_HAL_Driver/Src/stm32f1xx_hal_i2c.o
 .ARM.attributes
                0x000000000000022d       0x2d ./Drivers/STM32F1xx_HAL_Driver/Src/stm32f1xx_hal_rcc.o
 .ARM.attributes
                0x000000000000025a       0x2d /home/user/st/stm32cubeide_1.13.1/plugins/com.st.stm32cube.ide.mcu.externaltools.gnu-tools-for-stm32.11.3.rel1.linux64_1.1.0.202305231506/tools/bin/../lib/gcc/arm-none-eabi/11.3.1/../../../../arm-none-eabi/lib/thumb/v7-m/nofp/libc_nano.a(libc_a-itoa.o)
 .ARM.attributes
                0x0000000000000287       0x2d /home/user/st/stm32cubeide_1.13.1/plugins/com.st.stm32cube.ide.mcu.externaltools.gnu-tools-for-stm32.11.3.rel1.linux64_1.1.0.202305231506/tools/bin/../lib/gcc/arm-none-eabi/11.3.1/../../../../arm-none-eabi/lib/thumb/v7-m/nofp/libc_nano.a(libc_a-utoa.o)
 .ARM.attributes
                0x00000000000002b4       0x2d /home/user/st/stm32cubeide_1.13.1/plugins/com.st.stm32cube.ide.mcu.externaltools.gnu-tools-for-stm32.11.3.rel1.linux64_1.1.0.202305231506/tools/bin/../lib/gcc/arm-none-eabi/11.3.1/../../../../arm-none-eabi/lib/thumb/v7-m/nofp/libc_nano.a(libc_a-memset.o)
 .ARM.attributes
                0x00000000000002e1       0x2d /home/user/st/stm32cubeide_1.13.1/plugins/com.st.stm32cube.ide.mcu.externaltools.gnu-tools-for-stm32.11.3.rel1.linux64_1.1.0.202305231506/tools/bin/../lib/gcc/arm-none-eabi/11.3.1/../../../../arm-none-eabi/lib/thumb/v7-m/nofp/libc_nano.a(libc_a-init.o)
 .ARM.attributes
                0x000000000000030e       0x1d /home/user/st/stm32cubeide_1.13.1/plugins/com.st.stm32cube.ide.mcu.externaltools.gnu-tools-for-stm32.11.3.rel1.linux64_1.1.0.202305231506/tools/bin/../lib/gcc/arm-none-eabi/11.3.1/thumb/v7-m/nofp/crtn.o
OUTPUT(F103_OLED.elf elf32-littlearm)
LOAD linker stubs
LOAD /home/user/st/stm32cubeide_1.13.1/plugins/com.st.stm32cube.ide.mcu.externaltools.gnu-tools-for-stm32.11.3.rel1.linux64_1.1.0.202305231506/tools/bin/../lib/gcc/arm-none-eabi/11.3.1/../../../../arm-none-eabi/lib/thumb/v7-m/nofp/libc.a
LOAD /home/user/st/stm32cubeide_1.13.1/plugins/com.st.stm32cube.ide.mcu.externaltools.gnu-tools-for-stm32.11.3.rel1.linux64_1.1.0.202305231506/tools/bin/../lib/gcc/arm-none-eabi/11.3.1/../../../../arm-none-eabi/lib/thumb/v7-m/nofp/libm.a
LOAD /home/user/st/stm32cubeide_1.13.1/plugins/com.st.stm32cube.ide.mcu.externaltools.gnu-tools-for-stm32.11.3.rel1.linux64_1.1.0.202305231506/tools/bin/../lib/gcc/arm-none-eabi/11.3.1/thumb/v7-m/nofp/libgcc.a

.comment        0x0000000000000000       0x43
 .comment       0x0000000000000000       0x43 /home/user/st/stm32cubeide_1.13.1/plugins/com.st.stm32cube.ide.mcu.externaltools.gnu-tools-for-stm32.11.3.rel1.linux64_1.1.0.202305231506/tools/bin/../lib/gcc/arm-none-eabi/11.3.1/thumb/v7-m/nofp/crtbegin.o
                                         0x44 (size before relaxing)
 .comment       0x0000000000000043       0x44 ./Core/Src/fonts.o
 .comment       0x0000000000000043       0x44 ./Core/Src/main.o
 .comment       0x0000000000000043       0x44 ./Core/Src/ssd1306.o
 .comment       0x0000000000000043       0x44 ./Core/Src/stm32f1xx_hal_msp.o
 .comment       0x0000000000000043       0x44 ./Core/Src/stm32f1xx_it.o
 .comment       0x0000000000000043       0x44 ./Core/Src/system_stm32f1xx.o
 .comment       0x0000000000000043       0x44 ./Drivers/STM32F1xx_HAL_Driver/Src/stm32f1xx_hal.o
 .comment       0x0000000000000043       0x44 ./Drivers/STM32F1xx_HAL_Driver/Src/stm32f1xx_hal_cortex.o
 .comment       0x0000000000000043       0x44 ./Drivers/STM32F1xx_HAL_Driver/Src/stm32f1xx_hal_gpio.o
 .comment       0x0000000000000043       0x44 ./Drivers/STM32F1xx_HAL_Driver/Src/stm32f1xx_hal_i2c.o
 .comment       0x0000000000000043       0x44 ./Drivers/STM32F1xx_HAL_Driver/Src/stm32f1xx_hal_rcc.o

.debug_info     0x0000000000000000     0x6dd1
 .debug_info    0x0000000000000000      0x255 ./Core/Src/fonts.o
 .debug_info    0x0000000000000255      0xb97 ./Core/Src/main.o
 .debug_info    0x0000000000000dec     0x1028 ./Core/Src/ssd1306.o
 .debug_info    0x0000000000001e14      0x845 ./Core/Src/stm32f1xx_hal_msp.o
 .debug_info    0x0000000000002659      0x113 ./Core/Src/stm32f1xx_it.o
 .debug_info    0x000000000000276c      0x222 ./Core/Src/system_stm32f1xx.o
 .debug_info    0x000000000000298e       0x23 ./Core/Startup/startup_stm32f103c8tx.o
 .debug_info    0x00000000000029b1      0x704 ./Drivers/STM32F1xx_HAL_Driver/Src/stm32f1xx_hal.o
 .debug_info    0x00000000000030b5      0xa87 ./Drivers/STM32F1xx_HAL_Driver/Src/stm32f1xx_hal_cortex.o
 .debug_info    0x0000000000003b3c      0x5ab ./Drivers/STM32F1xx_HAL_Driver/Src/stm32f1xx_hal_gpio.o
 .debug_info    0x00000000000040e7     0x2515 ./Drivers/STM32F1xx_HAL_Driver/Src/stm32f1xx_hal_i2c.o
 .debug_info    0x00000000000065fc      0x7d5 ./Drivers/STM32F1xx_HAL_Driver/Src/stm32f1xx_hal_rcc.o

.debug_abbrev   0x0000000000000000     0x1691
 .debug_abbrev  0x0000000000000000      0x11c ./Core/Src/fonts.o
 .debug_abbrev  0x000000000000011c      0x2e8 ./Core/Src/main.o
 .debug_abbrev  0x0000000000000404      0x30d ./Core/Src/ssd1306.o
 .debug_abbrev  0x0000000000000711      0x1a3 ./Core/Src/stm32f1xx_hal_msp.o
 .debug_abbrev  0x00000000000008b4       0x73 ./Core/Src/stm32f1xx_it.o
 .debug_abbrev  0x0000000000000927      0x13f ./Core/Src/system_stm32f1xx.o
 .debug_abbrev  0x0000000000000a66       0x12 ./Core/Startup/startup_stm32f103c8tx.o
 .debug_abbrev  0x0000000000000a78      0x201 ./Drivers/STM32F1xx_HAL_Driver/Src/stm32f1xx_hal.o
 .debug_abbrev  0x0000000000000c79      0x2f8 ./Drivers/STM32F1xx_HAL_Driver/Src/stm32f1xx_hal_cortex.o
 .debug_abbrev  0x0000000000000f71      0x1ca ./Drivers/STM32F1xx_HAL_Driver/Src/stm32f1xx_hal_gpio.o
 .debug_abbrev  0x000000000000113b      0x2a3 ./Drivers/STM32F1xx_HAL_Driver/Src/stm32f1xx_hal_i2c.o
 .debug_abbrev  0x00000000000013de      0x2b3 ./Drivers/STM32F1xx_HAL_Driver/Src/stm32f1xx_hal_rcc.o

.debug_aranges  0x0000000000000000      0x7a8
 .debug_aranges
                0x0000000000000000       0x20 ./Core/Src/fonts.o
 .debug_aranges
                0x0000000000000020       0x40 ./Core/Src/main.o
 .debug_aranges
                0x0000000000000060       0xf8 ./Core/Src/ssd1306.o
 .debug_aranges
                0x0000000000000158       0x30 ./Core/Src/stm32f1xx_hal_msp.o
 .debug_aranges
                0x0000000000000188       0x60 ./Core/Src/stm32f1xx_it.o
 .debug_aranges
                0x00000000000001e8       0x28 ./Core/Src/system_stm32f1xx.o
 .debug_aranges
                0x0000000000000210       0x28 ./Core/Startup/startup_stm32f103c8tx.o
 .debug_aranges
                0x0000000000000238       0xe0 ./Drivers/STM32F1xx_HAL_Driver/Src/stm32f1xx_hal.o
 .debug_aranges
                0x0000000000000318      0x100 ./Drivers/STM32F1xx_HAL_Driver/Src/stm32f1xx_hal_cortex.o
 .debug_aranges
                0x0000000000000418       0x58 ./Drivers/STM32F1xx_HAL_Driver/Src/stm32f1xx_hal_gpio.o
 .debug_aranges
                0x0000000000000470      0x2a8 ./Drivers/STM32F1xx_HAL_Driver/Src/stm32f1xx_hal_i2c.o
 .debug_aranges
                0x0000000000000718       0x90 ./Drivers/STM32F1xx_HAL_Driver/Src/stm32f1xx_hal_rcc.o

.debug_rnglists
                0x0000000000000000      0x5dd
 .debug_rnglists
                0x0000000000000000       0x13 ./Core/Src/fonts.o
 .debug_rnglists
                0x0000000000000013       0x2e ./Core/Src/main.o
 .debug_rnglists
                0x0000000000000041       0xc2 ./Core/Src/ssd1306.o
 .debug_rnglists
                0x0000000000000103       0x1f ./Core/Src/stm32f1xx_hal_msp.o
 .debug_rnglists
                0x0000000000000122       0x43 ./Core/Src/stm32f1xx_it.o
 .debug_rnglists
                0x0000000000000165       0x1a ./Core/Src/system_stm32f1xx.o
 .debug_rnglists
                0x000000000000017f       0x19 ./Core/Startup/startup_stm32f103c8tx.o
 .debug_rnglists
                0x0000000000000198       0xa3 ./Drivers/STM32F1xx_HAL_Driver/Src/stm32f1xx_hal.o
 .debug_rnglists
                0x000000000000023b       0xbb ./Drivers/STM32F1xx_HAL_Driver/Src/stm32f1xx_hal_cortex.o
 .debug_rnglists
                0x00000000000002f6       0x3f ./Drivers/STM32F1xx_HAL_Driver/Src/stm32f1xx_hal_gpio.o
 .debug_rnglists
                0x0000000000000335      0x23c ./Drivers/STM32F1xx_HAL_Driver/Src/stm32f1xx_hal_i2c.o
 .debug_rnglists
                0x0000000000000571       0x6c ./Drivers/STM32F1xx_HAL_Driver/Src/stm32f1xx_hal_rcc.o

.debug_macro    0x0000000000000000    0x16e26
 .debug_macro   0x0000000000000000      0x266 ./Core/Src/fonts.o
 .debug_macro   0x0000000000000266      0xa9c ./Core/Src/fonts.o
 .debug_macro   0x0000000000000d02      0x215 ./Core/Src/fonts.o
 .debug_macro   0x0000000000000f17       0x2e ./Core/Src/fonts.o
 .debug_macro   0x0000000000000f45       0x22 ./Core/Src/fonts.o
 .debug_macro   0x0000000000000f67       0x22 ./Core/Src/fonts.o
 .debug_macro   0x0000000000000f89       0x8e ./Core/Src/fonts.o
 .debug_macro   0x0000000000001017       0x51 ./Core/Src/fonts.o
 .debug_macro   0x0000000000001068      0x103 ./Core/Src/fonts.o
 .debug_macro   0x000000000000116b       0x6a ./Core/Src/fonts.o
 .debug_macro   0x00000000000011d5      0x1df ./Core/Src/fonts.o
 .debug_macro   0x00000000000013b4       0x1c ./Core/Src/fonts.o
 .debug_macro   0x00000000000013d0       0x22 ./Core/Src/fonts.o
 .debug_macro   0x00000000000013f2       0xbd ./Core/Src/fonts.o
 .debug_macro   0x00000000000014af      0xd23 ./Core/Src/fonts.o
 .debug_macro   0x00000000000021d2     0xe09e ./Core/Src/fonts.o
 .debug_macro   0x0000000000010270       0x6d ./Core/Src/fonts.o
 .debug_macro   0x00000000000102dd     0x348d ./Core/Src/fonts.o
 .debug_macro   0x000000000001376a      0x174 ./Core/Src/fonts.o
 .debug_macro   0x00000000000138de       0x5c ./Core/Src/fonts.o
 .debug_macro   0x000000000001393a      0x5bc ./Core/Src/fonts.o
 .debug_macro   0x0000000000013ef6      0x289 ./Core/Src/fonts.o
 .debug_macro   0x000000000001417f      0x1cb ./Core/Src/fonts.o
 .debug_macro   0x000000000001434a      0x114 ./Core/Src/fonts.o
 .debug_macro   0x000000000001445e      0x1b2 ./Core/Src/fonts.o
 .debug_macro   0x0000000000014610       0x27 ./Core/Src/fonts.o
 .debug_macro   0x0000000000014637      0x136 ./Core/Src/fonts.o
 .debug_macro   0x000000000001476d      0x1bc ./Core/Src/fonts.o
 .debug_macro   0x0000000000014929       0x34 ./Core/Src/fonts.o
 .debug_macro   0x000000000001495d       0x3c ./Core/Src/fonts.o
 .debug_macro   0x0000000000014999       0x57 ./Core/Src/fonts.o
 .debug_macro   0x00000000000149f0       0x87 ./Core/Src/fonts.o
 .debug_macro   0x0000000000014a77      0x240 ./Core/Src/fonts.o
 .debug_macro   0x0000000000014cb7      0x287 ./Core/Src/fonts.o
 .debug_macro   0x0000000000014f3e      0x140 ./Core/Src/fonts.o
 .debug_macro   0x000000000001507e       0x83 ./Core/Src/fonts.o
 .debug_macro   0x0000000000015101       0x61 ./Core/Src/fonts.o
 .debug_macro   0x0000000000015162       0x24 ./Core/Src/fonts.o
 .debug_macro   0x0000000000015186       0x43 ./Core/Src/fonts.o
 .debug_macro   0x00000000000151c9       0x34 ./Core/Src/fonts.o
 .debug_macro   0x00000000000151fd       0x16 ./Core/Src/fonts.o
 .debug_macro   0x0000000000015213       0x43 ./Core/Src/fonts.o
 .debug_macro   0x0000000000015256       0x34 ./Core/Src/fonts.o
 .debug_macro   0x000000000001528a       0x10 ./Core/Src/fonts.o
 .debug_macro   0x000000000001529a       0x58 ./Core/Src/fonts.o
 .debug_macro   0x00000000000152f2       0x8e ./Core/Src/fonts.o
 .debug_macro   0x0000000000015380       0x1c ./Core/Src/fonts.o
 .debug_macro   0x000000000001539c      0x177 ./Core/Src/fonts.o
 .debug_macro   0x0000000000015513      0x369 ./Core/Src/fonts.o
 .debug_macro   0x000000000001587c       0x10 ./Core/Src/fonts.o
 .debug_macro   0x000000000001588c       0x35 ./Core/Src/fonts.o
 .debug_macro   0x00000000000158c1       0x20 ./Core/Src/fonts.o
 .debug_macro   0x00000000000158e1      0x2ca ./Core/Src/main.o
 .debug_macro   0x0000000000015bab       0x16 ./Core/Src/main.o
 .debug_macro   0x0000000000015bc1       0x16 ./Core/Src/main.o
 .debug_macro   0x0000000000015bd7       0x29 ./Core/Src/main.o
 .debug_macro   0x0000000000015c00       0x1d ./Core/Src/main.o
 .debug_macro   0x0000000000015c1d      0x19b ./Core/Src/main.o
 .debug_macro   0x0000000000015db8      0x2f1 ./Core/Src/ssd1306.o
 .debug_macro   0x00000000000160a9      0x198 ./Core/Src/stm32f1xx_hal_msp.o
 .debug_macro   0x0000000000016241      0x1a2 ./Core/Src/stm32f1xx_it.o
 .debug_macro   0x00000000000163e3      0x18e ./Core/Src/system_stm32f1xx.o
 .debug_macro   0x0000000000016571      0x1b2 ./Drivers/STM32F1xx_HAL_Driver/Src/stm32f1xx_hal.o
 .debug_macro   0x0000000000016723      0x18e ./Drivers/STM32F1xx_HAL_Driver/Src/stm32f1xx_hal_cortex.o
 .debug_macro   0x00000000000168b1      0x1f9 ./Drivers/STM32F1xx_HAL_Driver/Src/stm32f1xx_hal_gpio.o
 .debug_macro   0x0000000000016aaa      0x1dc ./Drivers/STM32F1xx_HAL_Driver/Src/stm32f1xx_hal_i2c.o
 .debug_macro   0x0000000000016c86      0x1a0 ./Drivers/STM32F1xx_HAL_Driver/Src/stm32f1xx_hal_rcc.o

.debug_line     0x0000000000000000     0x9846
 .debug_line    0x0000000000000000      0x785 ./Core/Src/fonts.o
 .debug_line    0x0000000000000785      0x8e8 ./Core/Src/main.o
 .debug_line    0x000000000000106d      0xf3e ./Core/Src/ssd1306.o
 .debug_line    0x0000000000001fab      0x673 ./Core/Src/stm32f1xx_hal_msp.o
 .debug_line    0x000000000000261e      0x6ea ./Core/Src/stm32f1xx_it.o
 .debug_line    0x0000000000002d08      0x6a6 ./Core/Src/system_stm32f1xx.o
 .debug_line    0x00000000000033ae       0x78 ./Core/Startup/startup_stm32f103c8tx.o
 .debug_line    0x0000000000003426      0x8d3 ./Drivers/STM32F1xx_HAL_Driver/Src/stm32f1xx_hal.o
 .debug_line    0x0000000000003cf9      0xabb ./Drivers/STM32F1xx_HAL_Driver/Src/stm32f1xx_hal_cortex.o
 .debug_line    0x00000000000047b4      0x96c ./Drivers/STM32F1xx_HAL_Driver/Src/stm32f1xx_hal_gpio.o
 .debug_line    0x0000000000005120     0x3a4a ./Drivers/STM32F1xx_HAL_Driver/Src/stm32f1xx_hal_i2c.o
 .debug_line    0x0000000000008b6a      0xcdc ./Drivers/STM32F1xx_HAL_Driver/Src/stm32f1xx_hal_rcc.o

.debug_str      0x0000000000000000    0x82430
 .debug_str     0x0000000000000000    0x7f35a ./Core/Src/fonts.o
                                      0x7f6b1 (size before relaxing)
 .debug_str     0x000000000007f35a     0x10c8 ./Core/Src/main.o
                                      0x8077f (size before relaxing)
 .debug_str     0x0000000000080422      0x4a5 ./Core/Src/ssd1306.o
                                      0x8017e (size before relaxing)
 .debug_str     0x00000000000808c7       0x91 ./Core/Src/stm32f1xx_hal_msp.o
                                      0x7ca3e (size before relaxing)
 .debug_str     0x0000000000080958       0xc9 ./Core/Src/stm32f1xx_it.o
                                      0x7c54f (size before relaxing)
 .debug_str     0x0000000000080a21       0x7e ./Core/Src/system_stm32f1xx.o
                                      0x7c565 (size before relaxing)
 .debug_str     0x0000000000080a9f       0x34 ./Core/Startup/startup_stm32f103c8tx.o
                                         0x6d (size before relaxing)
 .debug_str     0x0000000000080ad3      0x607 ./Drivers/STM32F1xx_HAL_Driver/Src/stm32f1xx_hal.o
                                      0x7cc98 (size before relaxing)
 .debug_str     0x00000000000810da      0x2bb ./Drivers/STM32F1xx_HAL_Driver/Src/stm32f1xx_hal_cortex.o
                                      0x7cbe4 (size before relaxing)
 .debug_str     0x0000000000081395      0x2e6 ./Drivers/STM32F1xx_HAL_Driver/Src/stm32f1xx_hal_gpio.o
                                      0x7c8eb (size before relaxing)
 .debug_str     0x000000000008167b      0xbac ./Drivers/STM32F1xx_HAL_Driver/Src/stm32f1xx_hal_i2c.o
                                      0x7d62c (size before relaxing)
 .debug_str     0x0000000000082227      0x209 ./Drivers/STM32F1xx_HAL_Driver/Src/stm32f1xx_hal_rcc.o
                                      0x7c994 (size before relaxing)

.debug_frame    0x0000000000000000     0x1ee4
 .debug_frame   0x0000000000000000       0x38 ./Core/Src/fonts.o
 .debug_frame   0x0000000000000038       0xac ./Core/Src/main.o
 .debug_frame   0x00000000000000e4      0x414 ./Core/Src/ssd1306.o
 .debug_frame   0x00000000000004f8       0x80 ./Core/Src/stm32f1xx_hal_msp.o
 .debug_frame   0x0000000000000578      0x104 ./Core/Src/stm32f1xx_it.o
 .debug_frame   0x000000000000067c       0x58 ./Core/Src/system_stm32f1xx.o
 .debug_frame   0x00000000000006d4      0x334 ./Drivers/STM32F1xx_HAL_Driver/Src/stm32f1xx_hal.o
 .debug_frame   0x0000000000000a08      0x428 ./Drivers/STM32F1xx_HAL_Driver/Src/stm32f1xx_hal_cortex.o
 .debug_frame   0x0000000000000e30      0x14c ./Drivers/STM32F1xx_HAL_Driver/Src/stm32f1xx_hal_gpio.o
 .debug_frame   0x0000000000000f7c      0xc84 ./Drivers/STM32F1xx_HAL_Driver/Src/stm32f1xx_hal_i2c.o
 .debug_frame   0x0000000000001c00      0x218 ./Drivers/STM32F1xx_HAL_Driver/Src/stm32f1xx_hal_rcc.o
 .debug_frame   0x0000000000001e18       0x38 /home/user/st/stm32cubeide_1.13.1/plugins/com.st.stm32cube.ide.mcu.externaltools.gnu-tools-for-stm32.11.3.rel1.linux64_1.1.0.202305231506/tools/bin/../lib/gcc/arm-none-eabi/11.3.1/../../../../arm-none-eabi/lib/thumb/v7-m/nofp/libc_nano.a(libc_a-itoa.o)
 .debug_frame   0x0000000000001e50       0x48 /home/user/st/stm32cubeide_1.13.1/plugins/com.st.stm32cube.ide.mcu.externaltools.gnu-tools-for-stm32.11.3.rel1.linux64_1.1.0.202305231506/tools/bin/../lib/gcc/arm-none-eabi/11.3.1/../../../../arm-none-eabi/lib/thumb/v7-m/nofp/libc_nano.a(libc_a-utoa.o)
 .debug_frame   0x0000000000001e98       0x20 /home/user/st/stm32cubeide_1.13.1/plugins/com.st.stm32cube.ide.mcu.externaltools.gnu-tools-for-stm32.11.3.rel1.linux64_1.1.0.202305231506/tools/bin/../lib/gcc/arm-none-eabi/11.3.1/../../../../arm-none-eabi/lib/thumb/v7-m/nofp/libc_nano.a(libc_a-memset.o)
 .debug_frame   0x0000000000001eb8       0x2c /home/user/st/stm32cubeide_1.13.1/plugins/com.st.stm32cube.ide.mcu.externaltools.gnu-tools-for-stm32.11.3.rel1.linux64_1.1.0.202305231506/tools/bin/../lib/gcc/arm-none-eabi/11.3.1/../../../../arm-none-eabi/lib/thumb/v7-m/nofp/libc_nano.a(libc_a-init.o)

.debug_line_str
                0x0000000000000000       0x61
 .debug_line_str
                0x0000000000000000       0x61 ./Core/Startup/startup_stm32f103c8tx.o
                                         0x79 (size before relaxing)
